// Jest Snapshot v1, https://goo.gl/fbAQLP

exports[`InfoTooltip should match snapshot 1`] = `
<View
  accessibilityState={
    {
      "busy": undefined,
      "checked": undefined,
      "disabled": undefined,
      "expanded": undefined,
      "selected": undefined,
    }
  }
  accessibilityValue={
    {
      "max": undefined,
      "min": undefined,
      "now": undefined,
      "text": undefined,
    }
  }
  accessible={true}
  collapsable={false}
  focusable={true}
  onClick={[Function]}
  onResponderGrant={[Function]}
  onResponderMove={[Function]}
  onResponderRelease={[Function]}
  onResponderTerminate={[Function]}
  onResponderTerminationRequest={[Function]}
  onStartShouldSetResponder={[Function]}
  style={
    {
      "opacity": 1,
    }
  }
  testID="info-tooltip-button"
>
  <View
    style={
      {
        "marginLeft": 4,
      }
    }
  >
    <Ionicons
      color="#636E72"
      name="help-circle"
      size={16}
    />
  </View>
</View>
`;
