// Jest Snapshot v1, https://goo.gl/fbAQLP

exports[`<LoadingIndicator /> matches snapshot 1`] = `
<View
  style={
    {
      "alignItems": "center",
      "backgroundColor": "rgba(0, 0, 0, 0.25)",
      "bottom": 0,
      "justifyContent": "center",
      "left": 0,
      "position": "absolute",
      "right": 0,
      "top": 0,
      "zIndex": 100,
    }
  }
  testID="loading-container"
>
  <ActivityIndicator
    color="#6A7BFF"
    size="large"
    testID="loading-indicator"
  />
</View>
`;
