// Jest Snapshot v1, https://goo.gl/fbAQLP

exports[`ZoomControl should match snapshot 1`] = `
<View
  accessibilityState={
    {
      "busy": undefined,
      "checked": undefined,
      "disabled": undefined,
      "expanded": undefined,
      "selected": undefined,
    }
  }
  accessibilityValue={
    {
      "max": undefined,
      "min": undefined,
      "now": undefined,
      "text": undefined,
    }
  }
  accessible={true}
  collapsable={false}
  focusable={true}
  onBlur={[Function]}
  onClick={[Function]}
  onFocus={[Function]}
  onResponderGrant={[Function]}
  onResponderMove={[Function]}
  onResponderRelease={[Function]}
  onResponderTerminate={[Function]}
  onResponderTerminationRequest={[Function]}
  onStartShouldSetResponder={[Function]}
  style={
    {
      "backgroundColor": "#FFFFFF",
      "borderRadius": 999,
      "bottom": 10,
      "elevation": 5,
      "left": "50%",
      "paddingHorizontal": 8,
      "paddingVertical": 6,
      "position": "absolute",
      "shadowColor": "#000",
      "shadowOffset": {
        "height": 2,
        "width": 0,
      },
      "shadowOpacity": 0.25,
      "shadowRadius": 3.84,
      "transform": [
        {
          "translateX": -17,
        },
      ],
      "zIndex": 1,
    }
  }
  testID="zoom-button"
>
  <MaterialIcons
    color="#6A7BFF"
    name="zoom-out-map"
    size={18}
  />
</View>
`;
